export const snapshot = {};

snapshot[`snapshot 1`] = `3`;
